prepared in 83.2s; truncated share 0.0002
=== ft01 lr=1e-05 bs=32 max_epochs=3
.\.venv\Scripts\python.exe : 
At C:\Users\madha\AppData\Local\Temp\ps-script-5bfb344f-b09d-4f4b-916a-f8215c156fd3.ps1:117 char:155
+ ... FFERED="1"; .\.venv\Scripts\python.exe scripts\finetune_sentiment.py  ...
+                 ~~~~~~~~~~~~~~~~~~~~~~~~~~~~~~~~~~~~~~~~~~~~~~~~~~~~~~~~~
    + CategoryInfo          : NotSpecified: (:String) [], RemoteException
    + FullyQualifiedErrorId : NativeCommandError
 
Loading weights:   0%|          | 0/201 [00:00<?, ?it/s]
Loading weights: 100%|##########| 201/201 [00:00<00:00, 4804.53it/s]
[transformers] [1mRobertaForSequenceClassification LOAD REPORT[0m from: D:\huggingface\hub\models--cardiffnlp--twitte
r-roberta-base-sentiment-latest\snapshots\3216a57f2a0d9c45a2e6c20157c20c49fb4bf9c7
Key                         | Status     |  | 
----------------------------+------------+--+-
roberta.pooler.dense.bias   | UNEXPECTED |  | 
roberta.pooler.dense.weight | UNEXPECTED |  | 

Notes:
- UNEXPECTED:	can be ignored when loading from different task/architecture; not ok if you expect identical arch.
D:\Microsoft\feedback-review-analyzer\scripts\finetune_sentiment.py:155: UserWarning: Converting a tensor with 
requires_grad=True to a scalar may lead to unexpected behavior.
Consider using tensor.detach() first. (Triggered internally at 
C:\actions-runner\_work\pytorch\pytorch\pytorch\torch\csrc\autograd\generated\python_variable_methods.cpp:837.)
  running += float(loss) * len(lab)
  ft01 epoch 1 step 500/3125 loss 0.4138 144s
  ft01 epoch 1 step 1000/3125 loss 0.3851 249s
  ft01 epoch 1 step 1500/3125 loss 0.3709 357s
  ft01 epoch 1 step 2000/3125 loss 0.3636 469s
  ft01 epoch 1 step 2500/3125 loss 0.3564 576s
  ft01 epoch 1 step 3000/3125 loss 0.3518 682s
  ft01 epoch 1: train_loss=0.3510 val_acc=0.8685 f1=0.8684
  ft01 epoch 2 step 500/3125 loss 0.2809 832s
  ft01 epoch 2 step 1000/3125 loss 0.2801 937s
  ft01 epoch 2 step 1500/3125 loss 0.2805 1045s
  ft01 epoch 2 step 2000/3125 loss 0.2783 1152s
  ft01 epoch 2 step 2500/3125 loss 0.2771 1274s
  ft01 epoch 2 step 3000/3125 loss 0.2765 1395s
  ft01 epoch 2: train_loss=0.2765 val_acc=0.8755 f1=0.8755
  ft01 epoch 3 step 500/3125 loss 0.2314 1559s
  ft01 epoch 3 step 1000/3125 loss 0.2310 1678s
  ft01 epoch 3 step 1500/3125 loss 0.2303 1796s
  ft01 epoch 3 step 2000/3125 loss 0.2295 1919s
  ft01 epoch 3 step 2500/3125 loss 0.2296 2038s
  ft01 epoch 3 step 3000/3125 loss 0.2307 2156s
  ft01 epoch 3: train_loss=0.2305 val_acc=0.8756 f1=0.8756

Writing model shards:   0%|          | 0/1 [00:00<?, ?it/s]
Writing model shards: 100%|##########| 1/1 [00:00<00:00,  1.21it/s]
Writing model shards: 100%|##########| 1/1 [00:00<00:00,  1.21it/s]
=== ft02 lr=2e-05 bs=32 max_epochs=3

Loading weights:   0%|          | 0/201 [00:00<?, ?it/s]
Loading weights: 100%|##########| 201/201 [00:00<00:00, 3862.72it/s]
[transformers] [1mRobertaForSequenceClassification LOAD REPORT[0m from: D:\huggingface\hub\models--cardiffnlp--twitte
r-roberta-base-sentiment-latest\snapshots\3216a57f2a0d9c45a2e6c20157c20c49fb4bf9c7
Key                         | Status     |  | 
----------------------------+------------+--+-
roberta.pooler.dense.bias   | UNEXPECTED |  | 
roberta.pooler.dense.weight | UNEXPECTED |  | 

Notes:
- UNEXPECTED:	can be ignored when loading from different task/architecture; not ok if you expect identical arch.
  ft02 epoch 1 step 500/3125 loss 0.4019 123s
  ft02 epoch 1 step 1000/3125 loss 0.3814 243s
  ft02 epoch 1 step 1500/3125 loss 0.3693 401s
  ft02 epoch 1 step 2000/3125 loss 0.3629 536s
  ft02 epoch 1 step 2500/3125 loss 0.3558 660s
  ft02 epoch 1 step 3000/3125 loss 0.3515 781s
  ft02 epoch 1: train_loss=0.3509 val_acc=0.8677 f1=0.8675
  ft02 epoch 2 step 500/3125 loss 0.2581 976s
  ft02 epoch 2 step 1000/3125 loss 0.2591 1142s
  ft02 epoch 2 step 1500/3125 loss 0.2592 1313s
  ft02 epoch 2 step 2000/3125 loss 0.2566 1482s
  ft02 epoch 2 step 2500/3125 loss 0.2559 1657s
  ft02 epoch 2 step 3000/3125 loss 0.2553 1831s
  ft02 epoch 2: train_loss=0.2551 val_acc=0.8747 f1=0.8746
  ft02 epoch 3 step 500/3125 loss 0.1857 2026s
  ft02 epoch 3 step 1000/3125 loss 0.1846 2152s
  ft02 epoch 3 step 1500/3125 loss 0.1839 2273s
  ft02 epoch 3 step 2000/3125 loss 0.1831 2395s
  ft02 epoch 3 step 2500/3125 loss 0.1826 2522s
  ft02 epoch 3 step 3000/3125 loss 0.1833 2645s
  ft02 epoch 3: train_loss=0.1831 val_acc=0.8748 f1=0.8747
=== ft03 lr=3e-05 bs=32 max_epochs=3

Loading weights:   0%|          | 0/201 [00:00<?, ?it/s]
Loading weights: 100%|##########| 201/201 [00:00<00:00, 6929.26it/s]
[transformers] [1mRobertaForSequenceClassification LOAD REPORT[0m from: D:\huggingface\hub\models--cardiffnlp--twitte
r-roberta-base-sentiment-latest\snapshots\3216a57f2a0d9c45a2e6c20157c20c49fb4bf9c7
Key                         | Status     |  | 
----------------------------+------------+--+-
roberta.pooler.dense.bias   | UNEXPECTED |  | 
roberta.pooler.dense.weight | UNEXPECTED |  | 

Notes:
- UNEXPECTED:	can be ignored when loading from different task/architecture; not ok if you expect identical arch.
  ft03 epoch 1 step 500/3125 loss 0.3969 126s
  ft03 epoch 1 step 1000/3125 loss 0.3806 246s
  ft03 epoch 1 step 1500/3125 loss 0.3703 369s
  ft03 epoch 1 step 2000/3125 loss 0.3644 493s
  ft03 epoch 1 step 2500/3125 loss 0.3575 613s
  ft03 epoch 1 step 3000/3125 loss 0.3535 736s
  ft03 epoch 1: train_loss=0.3530 val_acc=0.8680 f1=0.8678
  ft03 epoch 2 step 500/3125 loss 0.2521 902s
  ft03 epoch 2 step 1000/3125 loss 0.2516 1026s
  ft03 epoch 2 step 1500/3125 loss 0.2516 1233s
  ft03 epoch 2 step 2000/3125 loss 0.2492 1473s
  ft03 epoch 2 step 2500/3125 loss 0.2489 1755s
  ft03 epoch 2 step 3000/3125 loss 0.2478 2088s
  ft03 epoch 2: train_loss=0.2476 val_acc=0.8750 f1=0.8750
  ft03 epoch 3 step 500/3125 loss 0.1635 2703s
  ft03 epoch 3 step 1000/3125 loss 0.1626 3114s
  ft03 epoch 3 step 1500/3125 loss 0.1615 3308s
  ft03 epoch 3 step 2000/3125 loss 0.1607 3507s
  ft03 epoch 3 step 2500/3125 loss 0.1600 3719s
  ft03 epoch 3 step 3000/3125 loss 0.1607 3915s
  ft03 epoch 3: train_loss=0.1604 val_acc=0.8741 f1=0.8741
=== ft04 lr=1e-05 bs=16 max_epochs=3

Loading weights:   0%|          | 0/201 [00:00<?, ?it/s]
Loading weights: 100%|##########| 201/201 [00:00<00:00, 3721.93it/s]
[transformers] [1mRobertaForSequenceClassification LOAD REPORT[0m from: D:\huggingface\hub\models--cardiffnlp--twitte
r-roberta-base-sentiment-latest\snapshots\3216a57f2a0d9c45a2e6c20157c20c49fb4bf9c7
Key                         | Status     |  | 
----------------------------+------------+--+-
roberta.pooler.dense.bias   | UNEXPECTED |  | 
roberta.pooler.dense.weight | UNEXPECTED |  | 

Notes:
- UNEXPECTED:	can be ignored when loading from different task/architecture; not ok if you expect identical arch.
  ft04 epoch 1 step 500/6250 loss 0.4538 194s
  ft04 epoch 1 step 1000/6250 loss 0.4107 479s
  ft04 epoch 1 step 1500/6250 loss 0.3939 824s
  ft04 epoch 1 step 2000/6250 loss 0.3849 1088s
  ft04 epoch 1 step 2500/6250 loss 0.3797 1198s
  ft04 epoch 1 step 3000/6250 loss 0.3723 1306s
  ft04 epoch 1 step 3500/6250 loss 0.3693 1411s
  ft04 epoch 1 step 4000/6250 loss 0.3659 1522s
  ft04 epoch 1 step 4500/6250 loss 0.3625 1629s
  ft04 epoch 1 step 5000/6250 loss 0.3593 1734s
  ft04 epoch 1 step 5500/6250 loss 0.3568 1842s
  ft04 epoch 1 step 6000/6250 loss 0.3541 1948s
  ft04 epoch 1: train_loss=0.3535 val_acc=0.8711 f1=0.8711
  ft04 epoch 2 step 500/6250 loss 0.2718 2129s
  ft04 epoch 2 step 1000/6250 loss 0.2757 2234s
  ft04 epoch 2 step 1500/6250 loss 0.2775 2344s
  ft04 epoch 2 step 2000/6250 loss 0.2773 2450s
  ft04 epoch 2 step 2500/6250 loss 0.2776 2555s
  ft04 epoch 2 step 3000/6250 loss 0.2768 2664s
  ft04 epoch 2 step 3500/6250 loss 0.2771 2770s
  ft04 epoch 2 step 4000/6250 loss 0.2737 2875s
  ft04 epoch 2 step 4500/6250 loss 0.2736 2985s
  ft04 epoch 2 step 5000/6250 loss 0.2723 3095s
  ft04 epoch 2 step 5500/6250 loss 0.2722 3199s
  ft04 epoch 2 step 6000/6250 loss 0.2718 3308s
  ft04 epoch 2: train_loss=0.2715 val_acc=0.8752 f1=0.8752
  ft04 epoch 3 step 500/6250 loss 0.2237 3485s
  ft04 epoch 3 step 1000/6250 loss 0.2207 3594s
  ft04 epoch 3 step 1500/6250 loss 0.2223 3699s
  ft04 epoch 3 step 2000/6250 loss 0.2211 3810s
  ft04 epoch 3 step 2500/6250 loss 0.2205 3919s
  ft04 epoch 3 step 3000/6250 loss 0.2197 4023s
  ft04 epoch 3 step 3500/6250 loss 0.2198 4132s
  ft04 epoch 3 step 4000/6250 loss 0.2188 4237s
  ft04 epoch 3 step 4500/6250 loss 0.2185 4342s
  ft04 epoch 3 step 5000/6250 loss 0.2183 4451s
  ft04 epoch 3 step 5500/6250 loss 0.2189 4557s
  ft04 epoch 3 step 6000/6250 loss 0.2192 4662s
  ft04 epoch 3: train_loss=0.2191 val_acc=0.8752 f1=0.8752
=== ft05 lr=1e-05 bs=32 max_epochs=4

Loading weights:   0%|          | 0/201 [00:00<?, ?it/s]
Loading weights: 100%|##########| 201/201 [00:00<00:00, 3942.35it/s]
[transformers] [1mRobertaForSequenceClassification LOAD REPORT[0m from: D:\huggingface\hub\models--cardiffnlp--twitte
r-roberta-base-sentiment-latest\snapshots\3216a57f2a0d9c45a2e6c20157c20c49fb4bf9c7
Key                         | Status     |  | 
----------------------------+------------+--+-
roberta.pooler.dense.bias   | UNEXPECTED |  | 
roberta.pooler.dense.weight | UNEXPECTED |  | 

Notes:
- UNEXPECTED:	can be ignored when loading from different task/architecture; not ok if you expect identical arch.
  ft05 epoch 1 step 500/3125 loss 0.4213 124s
  ft05 epoch 1 step 1000/3125 loss 0.3901 243s
  ft05 epoch 1 step 1500/3125 loss 0.3749 366s
  ft05 epoch 1 step 2000/3125 loss 0.3672 489s
  ft05 epoch 1 step 2500/3125 loss 0.3596 609s
  ft05 epoch 1 step 3000/3125 loss 0.3548 732s
  ft05 epoch 1: train_loss=0.3538 val_acc=0.8682 f1=0.8681
  ft05 epoch 2 step 500/3125 loss 0.2833 898s
  ft05 epoch 2 step 1000/3125 loss 0.2822 1023s
  ft05 epoch 2 step 1500/3125 loss 0.2826 1145s
  ft05 epoch 2 step 2000/3125 loss 0.2805 1269s
  ft05 epoch 2 step 2500/3125 loss 0.2796 1390s
  ft05 epoch 2 step 3000/3125 loss 0.2791 1514s
  ft05 epoch 2: train_loss=0.2790 val_acc=0.8746 f1=0.8745
  ft05 epoch 3 step 500/3125 loss 0.2285 1679s
  ft05 epoch 3 step 1000/3125 loss 0.2282 1799s
  ft05 epoch 3 step 1500/3125 loss 0.2277 1922s
  ft05 epoch 3 step 2000/3125 loss 0.2274 2042s
  ft05 epoch 3 step 2500/3125 loss 0.2277 2167s
  ft05 epoch 3 step 3000/3125 loss 0.2286 2287s
  ft05 epoch 3: train_loss=0.2285 val_acc=0.8745 f1=0.8745
{
 "ft01": [
  0.8756,
  3,
  2199.5
 ],
 "ft02": [
  0.8748,
  3,
  2688.6
 ],
 "ft03": [
  0.875,
  2,
  3978.1
 ],
 "ft04": [
  0.8752,
  2,
  4727.6
 ],
 "ft05": [
  0.8746,
  2,
  2330.2
 ]
}
selected ft01
